
	
	
<!DOCTYPE html>
<html lang="en">
<head>
	<meta charset="UTF-8">
	<title></title>
</head>
<body>

	<h1>
        My Page
    </h1>

	

		Hello 월드!

		<ul>
			<li style="color: 빨강">
				빨강
			</li><li style="color: 녹색">
				녹색
			</li><li style="color: 파랑">
				파랑
			</li>
		</ul>

		Hello World!

	

</body>
</html>