
	
	

<!DOCTYPE html>
<html lang="en">
<head>
	<meta charset="UTF-8">
	<title></title>
</head>
<body>

	<h1>
        My Page
    </h1>

	

		Hello World!

		<ul>
			<li style="color: red">
				red
			</li><li style="color: green">
				green
			</li><li style="color: blue">
				blue
			</li>
		</ul>

		Hello World!

	

</body>
</html>